BL51 BANKED LINKER/LOCATER V6.22                                                        12/04/2015  21:48:49  PAGE 1


BL51 BANKED LINKER/LOCATER V6.22, INVOKED BY:
D:\PROGRAM FILES\KEILC 4\C51\BIN\BL51.EXE STARTUP.obj, GLCD HOMEPHONE V1.obj TO GLCD HOMEPHONE V1 RAMSIZE (256)


MEMORY MODEL: SMALL


INPUT MODULES INCLUDED:
  STARTUP.obj (?C_STARTUP)
  GLCD HOMEPHONE V1.obj (GLCD_HOMEPHONE_V1)
  D:\PROGRAM FILES\KEILC 4\C51\LIB\C51S.LIB (?C_INIT)
  D:\PROGRAM FILES\KEILC 4\C51\LIB\C51S.LIB (?C?CLDPTR)
  D:\PROGRAM FILES\KEILC 4\C51\LIB\C51S.LIB (?C?SIDIV)
  D:\PROGRAM FILES\KEILC 4\C51\LIB\C51S.LIB (?C?SLCMP)
  D:\PROGRAM FILES\KEILC 4\C51\LIB\C51S.LIB (?C?UIDIV)


LINK MAP OF MODULE:  GLCD HOMEPHONE V1 (?C_STARTUP)


            TYPE    BASE      LENGTH    RELOCATION   SEGMENT NAME
            -----------------------------------------------------

            * * * * * * *   D A T A   M E M O R Y   * * * * * * *
            REG     0000H     0008H     ABSOLUTE     "REG BANK 0"
            DATA    0008H     0011H     UNIT         ?DT?GLCD_HOMEPHONE_V1
                    0019H     0007H                  *** GAP ***
            BIT     0020H.0   0000H.1   UNIT         _BIT_GROUP_
                    0020H.1   0000H.7                *** GAP ***
            DATA    0021H     0009H     UNIT         _DATA_GROUP_
            IDATA   002AH     0001H     UNIT         ?STACK

            * * * * * * *   C O D E   M E M O R Y   * * * * * * *
            CODE    0000H     0003H     ABSOLUTE     
            CODE    0003H     0AE7H     UNIT         ?CO?GLCD_HOMEPHONE_V1
            CODE    0AEAH     0338H     UNIT         ?PR?MAIN?GLCD_HOMEPHONE_V1
            CODE    0E22H     02B1H     UNIT         ?PR?SCAN_KEY?GLCD_HOMEPHONE_V1
            CODE    10D3H     0190H     UNIT         ?PR?_TINHLICH?GLCD_HOMEPHONE_V1
            CODE    1263H     00BAH     UNIT         ?C?LIB_CODE
            CODE    131DH     008CH     UNIT         ?C_C51STARTUP
            CODE    13A9H     0054H     UNIT         ?PR?READTEMPERATURE?GLCD_HOMEPHONE_V1
            CODE    13FDH     0049H     UNIT         ?PR?_LCD_PUTCHAR_AMBAN?GLCD_HOMEPHONE_V1
            CODE    1446H     0049H     UNIT         ?PR?AM_LICH?GLCD_HOMEPHONE_V1
            CODE    148FH     0043H     UNIT         ?PR?_LCD_PUTCHAR16_1?GLCD_HOMEPHONE_V1
            CODE    14D2H     0043H     UNIT         ?PR?_LCD_PUTCHAR16_2?GLCD_HOMEPHONE_V1
            CODE    1515H     0043H     UNIT         ?PR?_LCD_PUTCHAR16_3?GLCD_HOMEPHONE_V1
            CODE    1558H     0043H     UNIT         ?PR?_LCD_PUTCHAR16_4?GLCD_HOMEPHONE_V1
            CODE    159BH     0043H     UNIT         ?PR?_LCD_PUTCHAR?GLCD_HOMEPHONE_V1
            CODE    15DEH     003AH     UNIT         ?PR?_LCD_WRITE?GLCD_HOMEPHONE_V1
            CODE    1618H     0038H     UNIT         ?PR?READ_DS?GLCD_HOMEPHONE_V1
            CODE    1650H     002DH     UNIT         ?PR?_LCD_GOTOXY?GLCD_HOMEPHONE_V1
            CODE    167DH     0029H     UNIT         ?PR?_DELAY?GLCD_HOMEPHONE_V1
            CODE    16A6H     0028H     UNIT         ?PR?INIT_DS18B20?GLCD_HOMEPHONE_V1
            CODE    16CEH     0028H     UNIT         ?PR?READ?GLCD_HOMEPHONE_V1
            CODE    16F6H     0025H     UNIT         ?PR?_LCD_PUTS_4?GLCD_HOMEPHONE_V1
            CODE    171BH     0025H     UNIT         ?PR?_LCD_PUTS_AMBAN?GLCD_HOMEPHONE_V1
            CODE    1740H     0025H     UNIT         ?PR?_LCD_PUTS?GLCD_HOMEPHONE_V1
            CODE    1765H     0024H     UNIT         ?PR?_WRITE?GLCD_HOMEPHONE_V1
BL51 BANKED LINKER/LOCATER V6.22                                                      12/04/2015  21:48:49  PAGE 2


            CODE    1789H     0021H     UNIT         ?PR?KIEM_TRA_DS?GLCD_HOMEPHONE_V1
            CODE    17AAH     0020H     UNIT         ?PR?_DELAY_MS?GLCD_HOMEPHONE_V1
            CODE    17CAH     0020H     UNIT         ?PR?LCD_CLEAR?GLCD_HOMEPHONE_V1
            CODE    17EAH     001FH     UNIT         ?PR?LCD_INIT?GLCD_HOMEPHONE_V1
            CODE    1809H     001FH     UNIT         ?PR?WRITE_DS?GLCD_HOMEPHONE_V1
            CODE    1828H     001EH     UNIT         ?PR?READONECHAR?GLCD_HOMEPHONE_V1
            CODE    1846H     001EH     UNIT         ?PR?_TANG?GLCD_HOMEPHONE_V1
            CODE    1864H     001CH     UNIT         ?PR?_GIAM?GLCD_HOMEPHONE_V1
            CODE    1880H     001AH     UNIT         ?PR?_WRITEONECHAR?GLCD_HOMEPHONE_V1
            CODE    189AH     0018H     UNIT         ?PR?_DELAY_LCD?GLCD_HOMEPHONE_V1
            CODE    18B2H     0013H     UNIT         ?PR?_DEC_HEX?GLCD_HOMEPHONE_V1
            CODE    18C5H     0012H     UNIT         ?PR?_DELAY_18B20?GLCD_HOMEPHONE_V1
            CODE    18D7H     000FH     UNIT         ?PR?_HEX_DEC?GLCD_HOMEPHONE_V1
            CODE    18E6H     000CH     UNIT         ?PR?START?GLCD_HOMEPHONE_V1
            CODE    18F2H     000CH     UNIT         ?PR?STOP?GLCD_HOMEPHONE_V1
            CODE    18FEH     0004H     UNIT         ?C_INITSEG



OVERLAY MAP OF MODULE:   GLCD HOMEPHONE V1 (?C_STARTUP)


SEGMENT                                             BIT_GROUP          DATA_GROUP 
  +--> CALLED SEGMENT                            START    LENGTH     START    LENGTH
------------------------------------------------------------------------------------
?C_C51STARTUP                                    -----    -----      -----    -----
  +--> ?PR?MAIN?GLCD_HOMEPHONE_V1
  +--> ?C_INITSEG

?PR?MAIN?GLCD_HOMEPHONE_V1                       -----    -----      -----    -----
  +--> ?PR?KIEM_TRA_DS?GLCD_HOMEPHONE_V1
  +--> ?PR?AM_LICH?GLCD_HOMEPHONE_V1
  +--> ?PR?_DELAY_MS?GLCD_HOMEPHONE_V1
  +--> ?PR?LCD_INIT?GLCD_HOMEPHONE_V1
  +--> ?PR?LCD_CLEAR?GLCD_HOMEPHONE_V1
  +--> ?PR?READ_DS?GLCD_HOMEPHONE_V1
  +--> ?PR?READTEMPERATURE?GLCD_HOMEPHONE_V1
  +--> ?PR?_LCD_GOTOXY?GLCD_HOMEPHONE_V1
  +--> ?CO?GLCD_HOMEPHONE_V1
  +--> ?PR?_LCD_PUTS_AMBAN?GLCD_HOMEPHONE_V1
  +--> ?PR?_LCD_PUTCHAR16_1?GLCD_HOMEPHONE_V1
  +--> ?PR?_LCD_PUTCHAR16_2?GLCD_HOMEPHONE_V1
  +--> ?PR?_LCD_PUTCHAR16_3?GLCD_HOMEPHONE_V1
  +--> ?PR?_LCD_PUTCHAR16_4?GLCD_HOMEPHONE_V1
  +--> ?PR?_LCD_PUTCHAR_AMBAN?GLCD_HOMEPHONE_V1
  +--> ?PR?_LCD_PUTCHAR?GLCD_HOMEPHONE_V1
  +--> ?PR?_LCD_PUTS_4?GLCD_HOMEPHONE_V1
  +--> ?PR?_LCD_PUTS?GLCD_HOMEPHONE_V1
  +--> ?PR?SCAN_KEY?GLCD_HOMEPHONE_V1

?PR?KIEM_TRA_DS?GLCD_HOMEPHONE_V1                -----    -----      -----    -----
  +--> ?PR?READ_DS?GLCD_HOMEPHONE_V1
  +--> ?PR?WRITE_DS?GLCD_HOMEPHONE_V1

?PR?READ_DS?GLCD_HOMEPHONE_V1                    -----    -----      -----    -----
  +--> ?PR?START?GLCD_HOMEPHONE_V1
  +--> ?PR?_WRITE?GLCD_HOMEPHONE_V1
BL51 BANKED LINKER/LOCATER V6.22                                                      12/04/2015  21:48:49  PAGE 3


  +--> ?PR?READ?GLCD_HOMEPHONE_V1
  +--> ?PR?STOP?GLCD_HOMEPHONE_V1

?PR?_WRITE?GLCD_HOMEPHONE_V1                     0020H.0  0000H.1    -----    -----

?PR?READ?GLCD_HOMEPHONE_V1                       0020H.0  0000H.1    -----    -----

?PR?WRITE_DS?GLCD_HOMEPHONE_V1                   -----    -----      -----    -----
  +--> ?PR?START?GLCD_HOMEPHONE_V1
  +--> ?PR?_WRITE?GLCD_HOMEPHONE_V1
  +--> ?PR?STOP?GLCD_HOMEPHONE_V1

?PR?AM_LICH?GLCD_HOMEPHONE_V1                    0020H.0  0000H.1    -----    -----
  +--> ?PR?_TINHLICH?GLCD_HOMEPHONE_V1

?PR?_TINHLICH?GLCD_HOMEPHONE_V1                  -----    -----      0021H    0009H
  +--> ?PR?_HEX_DEC?GLCD_HOMEPHONE_V1
  +--> ?CO?GLCD_HOMEPHONE_V1
  +--> ?PR?_DEC_HEX?GLCD_HOMEPHONE_V1

?PR?LCD_INIT?GLCD_HOMEPHONE_V1                   -----    -----      -----    -----
  +--> ?PR?_LCD_WRITE?GLCD_HOMEPHONE_V1
  +--> ?PR?_DELAY_LCD?GLCD_HOMEPHONE_V1
  +--> ?PR?LCD_CLEAR?GLCD_HOMEPHONE_V1

?PR?LCD_CLEAR?GLCD_HOMEPHONE_V1                  -----    -----      -----    -----
  +--> ?PR?_LCD_GOTOXY?GLCD_HOMEPHONE_V1
  +--> ?PR?_LCD_WRITE?GLCD_HOMEPHONE_V1

?PR?_LCD_GOTOXY?GLCD_HOMEPHONE_V1                -----    -----      -----    -----
  +--> ?PR?_LCD_WRITE?GLCD_HOMEPHONE_V1

?PR?READTEMPERATURE?GLCD_HOMEPHONE_V1            -----    -----      0021H    0001H
  +--> ?PR?INIT_DS18B20?GLCD_HOMEPHONE_V1
  +--> ?PR?_WRITEONECHAR?GLCD_HOMEPHONE_V1
  +--> ?PR?_DELAY_18B20?GLCD_HOMEPHONE_V1
  +--> ?PR?READONECHAR?GLCD_HOMEPHONE_V1

?PR?INIT_DS18B20?GLCD_HOMEPHONE_V1               -----    -----      -----    -----
  +--> ?PR?_DELAY_18B20?GLCD_HOMEPHONE_V1

?PR?_DELAY_18B20?GLCD_HOMEPHONE_V1               -----    -----      -----    -----
  +--> ?PR?_WRITEONECHAR?GLCD_HOMEPHONE_V1

?PR?READONECHAR?GLCD_HOMEPHONE_V1                -----    -----      -----    -----
  +--> ?PR?_DELAY_18B20?GLCD_HOMEPHONE_V1

?PR?_LCD_PUTS_AMBAN?GLCD_HOMEPHONE_V1            -----    -----      0021H    0003H
  +--> ?PR?_LCD_PUTCHAR_AMBAN?GLCD_HOMEPHONE_V1

?PR?_LCD_PUTCHAR_AMBAN?GLCD_HOMEPHONE_V1         -----    -----      -----    -----
  +--> ?CO?GLCD_HOMEPHONE_V1
  +--> ?PR?_LCD_WRITE?GLCD_HOMEPHONE_V1

?PR?_LCD_PUTCHAR16_1?GLCD_HOMEPHONE_V1           -----    -----      -----    -----
  +--> ?CO?GLCD_HOMEPHONE_V1
  +--> ?PR?_LCD_WRITE?GLCD_HOMEPHONE_V1
BL51 BANKED LINKER/LOCATER V6.22                                                      12/04/2015  21:48:49  PAGE 4



?PR?_LCD_PUTCHAR16_2?GLCD_HOMEPHONE_V1           -----    -----      -----    -----
  +--> ?CO?GLCD_HOMEPHONE_V1
  +--> ?PR?_LCD_WRITE?GLCD_HOMEPHONE_V1

?PR?_LCD_PUTCHAR16_3?GLCD_HOMEPHONE_V1           -----    -----      -----    -----
  +--> ?CO?GLCD_HOMEPHONE_V1
  +--> ?PR?_LCD_WRITE?GLCD_HOMEPHONE_V1

?PR?_LCD_PUTCHAR16_4?GLCD_HOMEPHONE_V1           -----    -----      -----    -----
  +--> ?CO?GLCD_HOMEPHONE_V1
  +--> ?PR?_LCD_WRITE?GLCD_HOMEPHONE_V1

?PR?_LCD_PUTCHAR?GLCD_HOMEPHONE_V1               -----    -----      -----    -----
  +--> ?CO?GLCD_HOMEPHONE_V1
  +--> ?PR?_LCD_WRITE?GLCD_HOMEPHONE_V1

?PR?_LCD_PUTS_4?GLCD_HOMEPHONE_V1                -----    -----      0021H    0003H
  +--> ?PR?_LCD_PUTCHAR16_4?GLCD_HOMEPHONE_V1

?PR?_LCD_PUTS?GLCD_HOMEPHONE_V1                  -----    -----      0021H    0003H
  +--> ?PR?_LCD_PUTCHAR?GLCD_HOMEPHONE_V1

?PR?SCAN_KEY?GLCD_HOMEPHONE_V1                   -----    -----      -----    -----
  +--> ?PR?_DELAY?GLCD_HOMEPHONE_V1
  +--> ?PR?WRITE_DS?GLCD_HOMEPHONE_V1
  +--> ?PR?AM_LICH?GLCD_HOMEPHONE_V1
  +--> ?PR?_TANG?GLCD_HOMEPHONE_V1
  +--> ?PR?_GIAM?GLCD_HOMEPHONE_V1



SYMBOL TABLE OF MODULE:  GLCD HOMEPHONE V1 (?C_STARTUP)

  VALUE           TYPE          NAME
  ----------------------------------

  -------         MODULE        ?C_STARTUP
  C:131DH         SEGMENT       ?C_C51STARTUP
  I:002AH         SEGMENT       ?STACK
  C:0000H         PUBLIC        ?C_STARTUP
  D:00E0H         SYMBOL        ACC
  D:00F0H         SYMBOL        B
  D:0083H         SYMBOL        DPH
  D:0082H         SYMBOL        DPL
  N:0000H         SYMBOL        IBPSTACK
  N:0100H         SYMBOL        IBPSTACKTOP
  N:0080H         SYMBOL        IDATALEN
  C:1320H         SYMBOL        IDATALOOP
  N:0000H         SYMBOL        PBPSTACK
  N:0100H         SYMBOL        PBPSTACKTOP
  N:0000H         SYMBOL        PDATALEN
  N:0000H         SYMBOL        PDATASTART
  N:0000H         SYMBOL        PPAGE
  N:0000H         SYMBOL        PPAGEENABLE
  D:00A0H         SYMBOL        PPAGE_SFR
  D:0081H         SYMBOL        SP
BL51 BANKED LINKER/LOCATER V6.22                                                      12/04/2015  21:48:49  PAGE 5


  C:131DH         SYMBOL        STARTUP1
  N:0000H         SYMBOL        XBPSTACK
  N:0000H         SYMBOL        XBPSTACKTOP
  N:0000H         SYMBOL        XDATALEN
  N:0000H         SYMBOL        XDATASTART
  C:0000H         LINE#         126
  C:131DH         LINE#         133
  C:131FH         LINE#         134
  C:1320H         LINE#         135
  C:1321H         LINE#         136
  C:1323H         LINE#         185
  C:1326H         LINE#         196
  -------         ENDMOD        ?C_STARTUP

  -------         MODULE        GLCD_HOMEPHONE_V1
  C:0000H         SYMBOL        _ICE_DUMMY_
  C:18CCH         PUBLIC        _delay_18B20
  D:0090H         PUBLIC        P1
  D:00B0H         PUBLIC        P3
  C:1789H         PUBLIC        kiem_tra_ds
  C:149CH         PUBLIC        _lcd_putchar16_1
  C:14DFH         PUBLIC        _lcd_putchar16_2
  C:1522H         PUBLIC        _lcd_putchar16_3
  C:1565H         PUBLIC        _lcd_putchar16_4
  C:15A8H         PUBLIC        _lcd_putchar
  B:00B0H.6       PUBLIC        up_key
  C:1683H         PUBLIC        _delay
  B:00A0H.0       PUBLIC        P2_0
  B:00A0H.1       PUBLIC        P2_1
  B:00A0H.2       PUBLIC        P2_2
  C:13A9H         PUBLIC        ReadTemperature
  B:0090H.0       PUBLIC        DQ
  B:00A0H.3       PUBLIC        P2_3
  C:16A6H         PUBLIC        Init_DS18B20
  C:16CEH         PUBLIC        read
  C:17CAH         PUBLIC        lcd_clear
  C:186AH         PUBLIC        _giam
  C:06EAH         PUBLIC        lich
  C:1828H         PUBLIC        ReadOneChar
  C:0AEAH         PUBLIC        main
  C:189AH         PUBLIC        _delay_lcd
  D:0009H         PUBLIC        mode
  C:184CH         PUBLIC        _tang
  D:000AH         PUBLIC        giay
  C:1765H         PUBLIC        _write
  C:18E6H         PUBLIC        start
  D:000BH         PUBLIC        time
  C:1880H         PUBLIC        _WriteOneChar
  C:0A52H         PUBLIC        count_month
  D:0012H         PUBLIC        temp
  C:008AH         PUBLIC        font
  B:00B0H.1       PUBLIC        sda
  C:08BCH         PUBLIC        count_year
  D:0013H         PUBLIC        gio
  C:1654H         PUBLIC        _lcd_gotoxy
  C:15F0H         PUBLIC        _lcd_write
  D:0014H         PUBLIC        thang_al
BL51 BANKED LINKER/LOCATER V6.22                                                      12/04/2015  21:48:49  PAGE 6


  D:0015H         PUBLIC        phut
  B:00B0H.0       PUBLIC        scl
  C:171BH         PUBLIC        _lcd_puts_amban
  C:18F2H         PUBLIC        stop
  C:17EAH         PUBLIC        lcd_init
  C:1446H         PUBLIC        am_lich
  C:0E22H         PUBLIC        scan_key
  C:0A86H         PUBLIC        nd
  C:17AAH         PUBLIC        _delay_ms
  C:18B2H         PUBLIC        _dec_hex
  C:18D7H         PUBLIC        _hex_dec
  C:1618H         PUBLIC        read_ds
  C:10D3H         PUBLIC        _tinhlich
  C:038AH         PUBLIC        font_big_1
  C:0462H         PUBLIC        font_big_2
  D:0016H         PUBLIC        ngay_al
  C:053AH         PUBLIC        font_big_3
  C:0612H         PUBLIC        font_big_4
  B:00B0H.7       PUBLIC        menu_key
  C:1740H         PUBLIC        _lcd_puts
  B:00B0H.5       PUBLIC        down_key
  C:1809H         PUBLIC        write_ds
  C:0A6CH         PUBLIC        count_month1
  D:0017H         PUBLIC        temp1
  D:0018H         PUBLIC        temp2
  C:07F0H         PUBLIC        count_year1
  C:13FDH         PUBLIC        _lcd_putchar_amban
  C:16F6H         PUBLIC        _lcd_puts_4
  C:0986H         PUBLIC        sothang
  -------         PROC          _HEX_DEC
  D:0007H         SYMBOL        hex
  C:18D7H         LINE#         325
  C:18D7H         LINE#         326
  -------         ENDPROC       _HEX_DEC
  -------         PROC          _DEC_HEX
  D:0007H         SYMBOL        dec
  C:18B2H         LINE#         327
  C:18B2H         LINE#         328
  -------         ENDPROC       _DEC_HEX
  -------         PROC          _TINHLICH
  D:0021H         SYMBOL        ngayduong
  D:0022H         SYMBOL        thangduong
  D:0002H         SYMBOL        nam
  -------         DO            
  D:0024H         SYMBOL        songay
  D:0026H         SYMBOL        t5
  D:0028H         SYMBOL        ngayam
  D:0029H         SYMBOL        thangam
  -------         ENDDO         
  C:10D3H         LINE#         329
  C:10D9H         LINE#         330
  C:10D9H         LINE#         333
  C:10DEH         LINE#         334
  C:10E8H         LINE#         335
  C:10F1H         LINE#         336
  C:1110H         LINE#         337
  C:114FH         LINE#         338
BL51 BANKED LINKER/LOCATER V6.22                                                      12/04/2015  21:48:49  PAGE 7


  C:1157H         LINE#         339
  C:117AH         LINE#         341
  C:1198H         LINE#         342
  C:1198H         LINE#         343
  C:119EH         LINE#         344
  C:11B1H         LINE#         346
  C:11C8H         LINE#         347
  C:11D4H         LINE#         348
  C:11DEH         LINE#         349
  C:1202H         LINE#         350
  C:1209H         LINE#         351
  C:122AH         LINE#         352
  C:1240H         LINE#         354
  C:1247H         LINE#         355
  C:124EH         LINE#         356
  C:1254H         LINE#         357
  C:125FH         LINE#         358
  C:1262H         LINE#         359
  -------         ENDPROC       _TINHLICH
  C:167DH         SYMBOL        L?0323
  C:167FH         SYMBOL        L?0324
  -------         PROC          L?0322
  -------         ENDPROC       L?0322
  C:167DH         SYMBOL        L?0323
  C:167FH         SYMBOL        L?0324
  -------         PROC          _DELAY
  D:0006H         SYMBOL        i
  -------         DO            
  D:0004H         SYMBOL        j
  -------         ENDDO         
  C:1683H         LINE#         361
  C:1683H         LINE#         362
  C:1683H         LINE#         363
  C:1692H         LINE#         364
  C:1692H         LINE#         365
  C:169EH         LINE#         366
  C:169EH         LINE#         367
  C:16A5H         LINE#         368
  C:16A5H         LINE#         369
  -------         ENDPROC       _DELAY
  -------         PROC          _DELAY_MS
  D:0006H         SYMBOL        t
  -------         DO            
  D:0004H         SYMBOL        x
  D:0006H         SYMBOL        y
  -------         ENDDO         
  C:17AAH         LINE#         370
  C:17AAH         LINE#         371
  C:17AAH         LINE#         373
  C:17BBH         LINE#         374
  C:17BBH         LINE#         375
  C:17C9H         LINE#         376
  C:17C9H         LINE#         377
  -------         ENDPROC       _DELAY_MS
  -------         PROC          _DELAY_LCD
  D:0006H         SYMBOL        t
  -------         DO            
BL51 BANKED LINKER/LOCATER V6.22                                                      12/04/2015  21:48:49  PAGE 8


  D:0004H         SYMBOL        i
  D:0003H         SYMBOL        j
  -------         ENDDO         
  C:189AH         LINE#         378
  C:189AH         LINE#         381
  C:18A4H         LINE#         382
  C:18B1H         LINE#         383
  -------         ENDPROC       _DELAY_LCD
  -------         PROC          L?0329
  -------         ENDPROC       L?0329
  -------         PROC          _DELAY_18B20
  D:0006H         SYMBOL        i
  C:18CCH         LINE#         384
  C:18CCH         LINE#         385
  C:18CCH         LINE#         386
  C:18D6H         LINE#         387
  -------         ENDPROC       _DELAY_18B20
  C:15DEH         SYMBOL        L?0306
  -------         PROC          L?0305
  -------         ENDPROC       L?0305
  C:15DEH         SYMBOL        L?0306
  -------         PROC          _LCD_WRITE
  D:0007H         SYMBOL        cd
  D:0005H         SYMBOL        byte
  -------         DO            
  D:0007H         SYMBOL        h
  -------         ENDDO         
  C:15F0H         LINE#         388
  C:15F0H         LINE#         390
  C:15F2H         LINE#         391
  C:15F9H         LINE#         392
  C:15FBH         LINE#         393
  C:15FDH         LINE#         394
  C:1605H         LINE#         395
  C:1607H         LINE#         396
  C:1609H         LINE#         397
  C:160BH         LINE#         398
  C:160FH         LINE#         399
  C:1613H         LINE#         400
  C:1615H         LINE#         401
  C:1617H         LINE#         402
  -------         ENDPROC       _LCD_WRITE
  C:1650H         SYMBOL        L?0326
  -------         PROC          L?0325
  -------         ENDPROC       L?0325
  C:1650H         SYMBOL        L?0326
  -------         PROC          _LCD_GOTOXY
  D:0006H         SYMBOL        x
  D:0004H         SYMBOL        y
  C:1654H         LINE#         403
  C:1658H         LINE#         404
  C:1658H         LINE#         405
  C:165EH         LINE#         406
  C:1666H         LINE#         407
  C:1672H         LINE#         408
  -------         ENDPROC       _LCD_GOTOXY
  C:148FH         SYMBOL        L?0311
BL51 BANKED LINKER/LOCATER V6.22                                                      12/04/2015  21:48:49  PAGE 9


  C:1497H         SYMBOL        L?0312
  -------         PROC          L?0310
  -------         ENDPROC       L?0310
  C:148FH         SYMBOL        L?0311
  C:1497H         SYMBOL        L?0312
  -------         PROC          _LCD_PUTCHAR16_1
  D:0004H         SYMBOL        dat
  -------         DO            
  D:0003H         SYMBOL        v
  -------         ENDDO         
  C:149CH         LINE#         410
  C:149EH         LINE#         411
  C:149EH         LINE#         413
  C:14AEH         LINE#         414
  C:14B2H         LINE#         415
  C:14B4H         LINE#         416
  C:14D1H         LINE#         417
  C:14D1H         LINE#         418
  -------         ENDPROC       _LCD_PUTCHAR16_1
  C:14D2H         SYMBOL        L?0314
  C:14DAH         SYMBOL        L?0315
  -------         PROC          L?0313
  -------         ENDPROC       L?0313
  C:14D2H         SYMBOL        L?0314
  C:14DAH         SYMBOL        L?0315
  -------         PROC          _LCD_PUTCHAR16_2
  D:0004H         SYMBOL        dat
  -------         DO            
  D:0003H         SYMBOL        v
  -------         ENDDO         
  C:14DFH         LINE#         419
  C:14E1H         LINE#         420
  C:14E1H         LINE#         422
  C:14F1H         LINE#         423
  C:14F5H         LINE#         424
  C:14F7H         LINE#         425
  C:1514H         LINE#         426
  C:1514H         LINE#         427
  -------         ENDPROC       _LCD_PUTCHAR16_2
  C:1515H         SYMBOL        L?0317
  C:151DH         SYMBOL        L?0318
  -------         PROC          L?0316
  -------         ENDPROC       L?0316
  C:1515H         SYMBOL        L?0317
  C:151DH         SYMBOL        L?0318
  -------         PROC          _LCD_PUTCHAR16_3
  D:0004H         SYMBOL        dat
  -------         DO            
  D:0003H         SYMBOL        v
  -------         ENDDO         
  C:1522H         LINE#         428
  C:1524H         LINE#         429
  C:1524H         LINE#         431
  C:1534H         LINE#         432
  C:1538H         LINE#         433
  C:153AH         LINE#         434
  C:1557H         LINE#         435
BL51 BANKED LINKER/LOCATER V6.22                                                      12/04/2015  21:48:49  PAGE 10


  C:1557H         LINE#         436
  -------         ENDPROC       _LCD_PUTCHAR16_3
  C:1558H         SYMBOL        L?0320
  C:1560H         SYMBOL        L?0321
  -------         PROC          L?0319
  -------         ENDPROC       L?0319
  C:1558H         SYMBOL        L?0320
  C:1560H         SYMBOL        L?0321
  -------         PROC          _LCD_PUTCHAR16_4
  D:0004H         SYMBOL        dat
  -------         DO            
  D:0003H         SYMBOL        v
  -------         ENDDO         
  C:1565H         LINE#         437
  C:1567H         LINE#         438
  C:1567H         LINE#         440
  C:1577H         LINE#         441
  C:157BH         LINE#         442
  C:157DH         LINE#         443
  C:159AH         LINE#         444
  C:159AH         LINE#         445
  -------         ENDPROC       _LCD_PUTCHAR16_4
  -------         PROC          _LCD_PUTS_4
  D:0021H         SYMBOL        s
  C:16F6H         LINE#         446
  C:16FCH         LINE#         447
  C:16FCH         LINE#         448
  C:1707H         LINE#         449
  C:171AH         LINE#         450
  -------         ENDPROC       _LCD_PUTS_4
  -------         PROC          LCD_CLEAR
  -------         DO            
  D:0003H         SYMBOL        u
  D:0006H         SYMBOL        w
  -------         ENDDO         
  C:17CAH         LINE#         451
  C:17CAH         LINE#         452
  C:17CAH         LINE#         454
  C:17CCH         LINE#         455
  C:17D3H         LINE#         456
  C:17D5H         LINE#         457
  C:17E0H         LINE#         458
  C:17E4H         LINE#         459
  -------         ENDPROC       LCD_CLEAR
  C:159BH         SYMBOL        L?0308
  C:15A3H         SYMBOL        L?0309
  -------         PROC          L?0307
  -------         ENDPROC       L?0307
  C:159BH         SYMBOL        L?0308
  C:15A3H         SYMBOL        L?0309
  -------         PROC          _LCD_PUTCHAR
  D:0004H         SYMBOL        dat
  -------         DO            
  D:0003H         SYMBOL        v
  -------         ENDDO         
  C:15A8H         LINE#         461
  C:15AAH         LINE#         462
BL51 BANKED LINKER/LOCATER V6.22                                                      12/04/2015  21:48:49  PAGE 11


  C:15AAH         LINE#         464
  C:15BAH         LINE#         465
  C:15BEH         LINE#         466
  C:15C0H         LINE#         467
  C:15DDH         LINE#         468
  C:15DDH         LINE#         469
  -------         ENDPROC       _LCD_PUTCHAR
  -------         PROC          _LCD_PUTCHAR_AMBAN
  D:0004H         SYMBOL        dat
  -------         DO            
  D:0003H         SYMBOL        v
  -------         ENDDO         
  C:13FDH         LINE#         470
  C:13FFH         LINE#         471
  C:13FFH         LINE#         473
  C:140FH         LINE#         474
  C:1413H         LINE#         475
  C:1415H         LINE#         476
  C:1445H         LINE#         477
  C:1445H         LINE#         478
  -------         ENDPROC       _LCD_PUTCHAR_AMBAN
  -------         PROC          _LCD_PUTS_AMBAN
  D:0021H         SYMBOL        s
  C:171BH         LINE#         479
  C:1721H         LINE#         480
  C:1721H         LINE#         481
  C:172CH         LINE#         482
  C:173FH         LINE#         483
  -------         ENDPROC       _LCD_PUTS_AMBAN
  -------         PROC          _LCD_PUTS
  D:0021H         SYMBOL        s
  C:1740H         LINE#         484
  C:1746H         LINE#         485
  C:1746H         LINE#         486
  C:1751H         LINE#         487
  C:1764H         LINE#         488
  -------         ENDPROC       _LCD_PUTS
  -------         PROC          LCD_INIT
  C:17EAH         LINE#         489
  C:17EAH         LINE#         490
  C:17EAH         LINE#         491
  C:17F1H         LINE#         492
  C:17F8H         LINE#         493
  C:17FFH         LINE#         494
  C:1806H         LINE#         495
  -------         ENDPROC       LCD_INIT
  -------         PROC          INIT_DS18B20
  -------         DO            
  D:0005H         SYMBOL        x
  -------         ENDDO         
  C:16A6H         LINE#         497
  C:16A6H         LINE#         498
  C:16A6H         LINE#         499
  C:16A8H         LINE#         500
  C:16AAH         LINE#         501
  C:16B0H         LINE#         502
  C:16B2H         LINE#         503
BL51 BANKED LINKER/LOCATER V6.22                                                      12/04/2015  21:48:49  PAGE 12


  C:16B9H         LINE#         504
  C:16BBH         LINE#         505
  C:16C2H         LINE#         506
  C:16C7H         LINE#         507
  -------         ENDPROC       INIT_DS18B20
  -------         PROC          READONECHAR
  -------         DO            
  D:0005H         SYMBOL        i
  D:0003H         SYMBOL        dat
  -------         ENDDO         
  C:1828H         LINE#         509
  C:1828H         LINE#         510
  C:1828H         LINE#         511
  C:1829H         LINE#         512
  C:182AH         LINE#         513
  C:182CH         LINE#         514
  C:182CH         LINE#         515
  C:182EH         LINE#         516
  C:1832H         LINE#         517
  C:1834H         LINE#         518
  C:1837H         LINE#         519
  C:183AH         LINE#         520
  C:1841H         LINE#         521
  C:1843H         LINE#         522
  C:1845H         LINE#         523
  -------         ENDPROC       READONECHAR
  -------         PROC          _WRITEONECHAR
  D:0005H         SYMBOL        dat
  -------         DO            
  D:0003H         SYMBOL        i
  -------         ENDDO         
  C:1880H         LINE#         524
  C:1882H         LINE#         525
  C:1882H         LINE#         526
  C:1882H         LINE#         527
  C:1884H         LINE#         528
  C:1884H         LINE#         529
  C:1886H         LINE#         530
  C:188AH         LINE#         531
  C:1891H         LINE#         532
  C:1893H         LINE#         533
  C:1897H         LINE#         534
  C:1899H         LINE#         535
  -------         ENDPROC       _WRITEONECHAR
  -------         PROC          READTEMPERATURE
  -------         DO            
  D:0002H         SYMBOL        a
  D:0007H         SYMBOL        b
  D:0021H         SYMBOL        t
  -------         ENDDO         
  C:13A9H         LINE#         537
  C:13A9H         LINE#         538
  C:13A9H         LINE#         539
  C:13ABH         LINE#         540
  C:13ACH         LINE#         541
  C:13AEH         LINE#         543
  C:13B1H         LINE#         544
BL51 BANKED LINKER/LOCATER V6.22                                                      12/04/2015  21:48:49  PAGE 13


  C:13B6H         LINE#         545
  C:13B8H         LINE#         547
  C:13BBH         LINE#         549
  C:13BEH         LINE#         550
  C:13C3H         LINE#         551
  C:13C5H         LINE#         553
  C:13C8H         LINE#         555
  C:13CDH         LINE#         556
  C:13D0H         LINE#         557
  C:13D6H         LINE#         558
  C:13E0H         LINE#         559
  C:13E5H         LINE#         560
  C:13FCH         LINE#         561
  -------         ENDPROC       READTEMPERATURE
  -------         PROC          START
  C:18E6H         LINE#         563
  C:18E6H         LINE#         564
  C:18E6H         LINE#         565
  C:18E8H         LINE#         566
  C:18EAH         LINE#         567
  C:18EBH         LINE#         568
  C:18ECH         LINE#         569
  C:18EEH         LINE#         570
  C:18EFH         LINE#         571
  C:18F1H         LINE#         572
  -------         ENDPROC       START
  -------         PROC          STOP
  C:18F2H         LINE#         573
  C:18F2H         LINE#         574
  C:18F2H         LINE#         575
  C:18F4H         LINE#         576
  C:18F5H         LINE#         577
  C:18F7H         LINE#         578
  C:18F8H         LINE#         579
  C:18FAH         LINE#         580
  C:18FBH         LINE#         581
  C:18FDH         LINE#         582
  -------         ENDPROC       STOP
  -------         PROC          _WRITE
  D:0007H         SYMBOL        x
  -------         DO            
  D:0006H         SYMBOL        i
  B:0020H.0       SYMBOL        k
  -------         ENDDO         
  C:1765H         LINE#         583
  C:1765H         LINE#         584
  C:1765H         LINE#         587
  C:1767H         LINE#         588
  C:1767H         LINE#         589
  C:176BH         LINE#         590
  C:176DH         LINE#         591
  C:176EH         LINE#         592
  C:176FH         LINE#         593
  C:1771H         LINE#         594
  C:1775H         LINE#         595
  C:1779H         LINE#         596
  C:177BH         LINE#         597
BL51 BANKED LINKER/LOCATER V6.22                                                      12/04/2015  21:48:49  PAGE 14


  C:177DH         LINE#         598
  C:177EH         LINE#         599
  C:177FH         LINE#         600
  C:1783H         LINE#         601
  C:1785H         LINE#         602
  C:1786H         LINE#         603
  C:1788H         LINE#         604
  -------         ENDPROC       _WRITE
  -------         PROC          READ
  B:0020H.0       SYMBOL        ack
  -------         DO            
  D:0007H         SYMBOL        Data
  D:0006H         SYMBOL        i
  -------         ENDDO         
  C:16CEH         LINE#         605
  C:16CEH         LINE#         606
  C:16CEH         LINE#         608
  C:16D0H         LINE#         609
  C:16D2H         LINE#         610
  C:16D2H         LINE#         611
  C:16D4H         LINE#         612
  C:16D8H         LINE#         613
  C:16DEH         LINE#         614
  C:16E0H         LINE#         615
  C:16E4H         LINE#         616
  C:16E6H         LINE#         617
  C:16EAH         LINE#         618
  C:16ECH         LINE#         619
  C:16EDH         LINE#         620
  C:16EEH         LINE#         621
  C:16F0H         LINE#         622
  C:16F1H         LINE#         623
  C:16F3H         LINE#         624
  C:16F5H         LINE#         625
  C:16F5H         LINE#         626
  -------         ENDPROC       READ
  -------         PROC          READ_DS
  -------         DO            
  D:0004H         SYMBOL        i
  -------         ENDDO         
  C:1618H         LINE#         627
  C:1618H         LINE#         628
  C:1618H         LINE#         630
  C:161BH         LINE#         631
  C:1620H         LINE#         632
  C:1625H         LINE#         633
  C:1628H         LINE#         634
  C:162DH         LINE#         635
  C:1630H         LINE#         636
  C:1646H         LINE#         637
  C:164DH         LINE#         638
  -------         ENDPROC       READ_DS
  -------         PROC          WRITE_DS
  -------         DO            
  D:0005H         SYMBOL        t
  -------         ENDDO         
  C:1809H         LINE#         640
BL51 BANKED LINKER/LOCATER V6.22                                                      12/04/2015  21:48:49  PAGE 15


  C:1809H         LINE#         641
  C:1809H         LINE#         643
  C:180CH         LINE#         644
  C:1811H         LINE#         645
  C:1816H         LINE#         646
  C:1818H         LINE#         647
  C:1825H         LINE#         648
  -------         ENDPROC       WRITE_DS
  -------         PROC          AM_LICH
  B:0020H.0       SYMBOL        k
  -------         DO            
  D:0006H         SYMBOL        t
  -------         ENDDO         
  C:1446H         LINE#         650
  C:1446H         LINE#         651
  C:1446H         LINE#         653
  C:147AH         LINE#         654
  C:147AH         LINE#         655
  C:1489H         LINE#         656
  C:148CH         LINE#         657
  C:148EH         LINE#         658
  C:148EH         LINE#         659
  -------         ENDPROC       AM_LICH
  -------         PROC          L?0327
  -------         ENDPROC       L?0327
  -------         PROC          _TANG
  D:0007H         SYMBOL        bcd
  D:0005H         SYMBOL        min
  D:0003H         SYMBOL        max
  C:184CH         LINE#         660
  C:184CH         LINE#         661
  C:184CH         LINE#         662
  C:1855H         LINE#         663
  C:1862H         LINE#         664
  C:1863H         LINE#         665
  C:1863H         LINE#         666
  -------         ENDPROC       _TANG
  -------         PROC          L?0328
  -------         ENDPROC       L?0328
  -------         PROC          _GIAM
  D:0007H         SYMBOL        bcd
  D:0005H         SYMBOL        min
  D:0003H         SYMBOL        max
  C:186AH         LINE#         667
  C:186AH         LINE#         668
  C:186AH         LINE#         669
  C:1873H         LINE#         670
  C:187EH         LINE#         671
  C:187FH         LINE#         672
  C:187FH         LINE#         673
  -------         ENDPROC       _GIAM
  -------         PROC          SCAN_KEY
  -------         DO            
  D:0008H         SYMBOL        l
  -------         ENDDO         
  C:0E22H         LINE#         674
  C:0E22H         LINE#         675
BL51 BANKED LINKER/LOCATER V6.22                                                      12/04/2015  21:48:49  PAGE 16


  C:0E22H         LINE#         677
  C:0E25H         LINE#         678
  C:0E25H         LINE#         679
  C:0E28H         LINE#         680
  C:0E2EH         LINE#         681
  C:0E2EH         LINE#         682
  C:0E4DH         LINE#         683
  C:0E50H         LINE#         684
  C:0E57H         LINE#         685
  C:0E57H         LINE#         686
  C:0E59H         LINE#         687
  C:0E5FH         LINE#         688
  C:0E5FH         LINE#         689
  C:0E62H         LINE#         690
  C:0E65H         LINE#         691
  C:0E6AH         LINE#         692
  C:0E6AH         LINE#         693
  C:0E6AH         LINE#         694
  C:0E74H         LINE#         695
  C:0E74H         LINE#         696
  C:0E77H         LINE#         697
  C:0E7CH         LINE#         698
  C:0E7CH         LINE#         699
  C:0E7CH         LINE#         700
  C:0E7CH         LINE#         701
  C:0E82H         LINE#         702
  C:0E82H         LINE#         703
  C:0E85H         LINE#         704
  C:0E8BH         LINE#         705
  C:0E8BH         LINE#         706
  C:0EAAH         LINE#         707
  C:0EADH         LINE#         708
  C:0EB4H         LINE#         709
  C:0EB4H         LINE#         710
  C:0EC0H         LINE#         711
  C:0ED2H         LINE#         712
  C:0EE4H         LINE#         713
  C:0EF6H         LINE#         714
  C:0F08H         LINE#         715
  C:0F1AH         LINE#         716
  C:0F2AH         LINE#         717
  C:0F2AH         LINE#         718
  C:0F34H         LINE#         719
  C:0F34H         LINE#         720
  C:0F3FH         LINE#         721
  C:0F50H         LINE#         722
  C:0F61H         LINE#         723
  C:0F72H         LINE#         724
  C:0F83H         LINE#         725
  C:0F94H         LINE#         726
  C:0FA8H         LINE#         727
  C:0FA8H         LINE#         728
  C:0FA8H         LINE#         729
  C:0FA9H         LINE#         730
  C:0FAFH         LINE#         731
  C:0FAFH         LINE#         732
  C:0FB2H         LINE#         733
BL51 BANKED LINKER/LOCATER V6.22                                                      12/04/2015  21:48:49  PAGE 17


  C:0FB8H         LINE#         734
  C:0FB8H         LINE#         735
  C:0FD7H         LINE#         736
  C:0FDAH         LINE#         737
  C:0FE1H         LINE#         738
  C:0FE1H         LINE#         739
  C:0FEDH         LINE#         740
  C:0FFFH         LINE#         741
  C:1011H         LINE#         742
  C:1023H         LINE#         743
  C:1035H         LINE#         744
  C:1047H         LINE#         745
  C:1057H         LINE#         746
  C:1057H         LINE#         747
  C:105EH         LINE#         748
  C:105EH         LINE#         749
  C:1069H         LINE#         750
  C:107AH         LINE#         751
  C:108BH         LINE#         752
  C:109CH         LINE#         753
  C:10ADH         LINE#         754
  C:10BEH         LINE#         755
  C:10CEH         LINE#         756
  C:10CEH         LINE#         757
  C:10CEH         LINE#         758
  C:10CFH         LINE#         759
  C:10D2H         LINE#         760
  -------         ENDPROC       SCAN_KEY
  -------         PROC          KIEM_TRA_DS
  C:1789H         LINE#         761
  C:1789H         LINE#         762
  C:1789H         LINE#         763
  C:178CH         LINE#         764
  C:1791H         LINE#         765
  C:1791H         LINE#         766
  C:1794H         LINE#         767
  C:1797H         LINE#         768
  C:179AH         LINE#         769
  C:179DH         LINE#         770
  C:17A0H         LINE#         771
  C:17A3H         LINE#         772
  C:17A6H         LINE#         773
  C:17A9H         LINE#         774
  C:17A9H         LINE#         775
  -------         ENDPROC       KIEM_TRA_DS
  -------         PROC          MAIN
  C:0AEAH         LINE#         776
  C:0AEAH         LINE#         777
  C:0AEAH         LINE#         778
  C:0AEDH         LINE#         779
  C:0AF2H         LINE#         780
  C:0AF9H         LINE#         781
  C:0AFCH         LINE#         782
  C:0B03H         LINE#         783
  C:0B06H         LINE#         784
  C:0B0DH         LINE#         785
  C:0B0DH         LINE#         786
BL51 BANKED LINKER/LOCATER V6.22                                                      12/04/2015  21:48:49  PAGE 18


  C:0B11H         LINE#         787
  C:0B11H         LINE#         788
  C:0B14H         LINE#         789
  C:0B17H         LINE#         790
  C:0B1CH         LINE#         791
  C:0B1CH         LINE#         792
  C:0B2BH         LINE#         793
  C:0B3CH         LINE#         794
  C:0B41H         LINE#         795
  C:0B46H         LINE#         796
  C:0B4BH         LINE#         797
  C:0B50H         LINE#         798
  C:0B55H         LINE#         799
  C:0B5AH         LINE#         800
  C:0B5FH         LINE#         801
  C:0B64H         LINE#         802
  C:0B69H         LINE#         803
  C:0B6EH         LINE#         804
  C:0B73H         LINE#         805
  C:0B78H         LINE#         806
  C:0B7DH         LINE#         807
  C:0B82H         LINE#         808
  C:0B89H         LINE#         809
  C:0B8EH         LINE#         810
  C:0B93H         LINE#         811
  C:0B98H         LINE#         812
  C:0B9DH         LINE#         813
  C:0BA2H         LINE#         814
  C:0BA7H         LINE#         815
  C:0BACH         LINE#         816
  C:0BB1H         LINE#         817
  C:0BB6H         LINE#         818
  C:0BBBH         LINE#         819
  C:0BC0H         LINE#         820
  C:0BC5H         LINE#         821
  C:0BCAH         LINE#         822
  C:0BCFH         LINE#         823
  C:0BD4H         LINE#         824
  C:0BD9H         LINE#         825
  C:0BE0H         LINE#         826
  C:0BE9H         LINE#         827
  C:0BF0H         LINE#         828
  C:0C02H         LINE#         829
  C:0C0CH         LINE#         830
  C:0C13H         LINE#         831
  C:0C1CH         LINE#         832
  C:0C23H         LINE#         833
  C:0C2CH         LINE#         834
  C:0C41H         LINE#         835
  C:0C56H         LINE#         836
  C:0C6BH         LINE#         837
  C:0C80H         LINE#         838
  C:0C9AH         LINE#         839
  C:0CB4H         LINE#         840
  C:0CCEH         LINE#         841
  C:0CE8H         LINE#         842
  C:0CEFH         LINE#         843
BL51 BANKED LINKER/LOCATER V6.22                                                      12/04/2015  21:48:49  PAGE 19


  C:0CFEH         LINE#         844
  C:0D05H         LINE#         845
  C:0D0FH         LINE#         846
  C:0D16H         LINE#         847
  C:0D25H         LINE#         848
  C:0D2CH         LINE#         849
  C:0D36H         LINE#         850
  C:0D3DH         LINE#         851
  C:0D46H         LINE#         852
  C:0D9CH         LINE#         853
  C:0DA1H         LINE#         854
  C:0DACH         LINE#         855
  C:0DB1H         LINE#         856
  C:0DBCH         LINE#         857
  C:0DC1H         LINE#         858
  C:0DCCH         LINE#         859
  C:0DD1H         LINE#         860
  C:0DDFH         LINE#         861
  C:0DE4H         LINE#         862
  C:0DEFH         LINE#         863
  C:0DF4H         LINE#         864
  C:0DFFH         LINE#         865
  C:0E04H         LINE#         866
  C:0E15H         LINE#         867
  C:0E1CH         LINE#         868
  C:0E1FH         LINE#         869
  -------         ENDPROC       MAIN
  -------         ENDMOD        GLCD_HOMEPHONE_V1

  -------         MODULE        ?C?CLDPTR
  C:1263H         PUBLIC        ?C?CLDPTR
  -------         ENDMOD        ?C?CLDPTR

  -------         MODULE        ?C?SIDIV
  C:127CH         PUBLIC        ?C?SIDIV
  -------         ENDMOD        ?C?SIDIV

  -------         MODULE        ?C?SLCMP
  C:12B2H         PUBLIC        ?C?SLCMP
  -------         ENDMOD        ?C?SLCMP

  -------         MODULE        ?C?UIDIV
  C:12C8H         PUBLIC        ?C?UIDIV
  -------         ENDMOD        ?C?UIDIV

Program Size: data=35.1 xdata=0 code=6402
LINK/LOCATE RUN COMPLETE.  0 WARNING(S),  0 ERROR(S)
